http://feeds2.feedburner.com/diveintomark/all
http://www.foo.be/cgi-bin/wiki.pl?action=journal&tile=AdulauMessyDesk
http://blog.cedricbonhomme.org/feed/
http://bnjgat.fr/weblog/?feed/rss2
http://standblog.org/blog/feed/atom
http://www.haypocalc.com/blog/rss.php
http://linuxfr.org/news.atom
http://rss.slashdot.org/Slashdot/slashdot
http://theinvisiblethings.blogspot.com/feeds/posts/default
http://torvalds-family.blogspot.com/feeds/posts/default
http://www.python.org/channews.rdf
http://www.kde.org/dotkdeorg.rdf
http://feeds.feedburner.com/internetactu/bcmJ
http://www.april.org/fr/rss.xml
http://www.framablog.org/index.php/feed/atom
http://tarekziade.wordpress.com/feed/
http://formats-ouverts.org/rss.php
http://lwn.net/headlines/newrss
http://kernelnewbies.org/RecentChanges?action=rss_rc&ddiffs=1&unique=1
http://www.kroah.com/log/index.rss
http://www.lessentiel.lu/rss/news.tmpl
http://www.jeffersonswheel.org/?feed=rss2
http://www.laquadrature.net/en/rss.xml
http://static.fsf.org/fsforg/rss/blogs.xml
http://esr.ibiblio.org/?feed=rss2
http://www.maitre-eolas.fr/feed/atom
http://linuxfr.org/journaux.atom
http://www.le-tigre.net/spip.php?page=backend
http://www.schneier.com/blog/index.rdf
http://www.handcrafted-games.com/index.php?feed/atom
http://feeds.feedburner.com/quuxlabs
http://python-history.blogspot.com/feeds/posts/default
http://www.haypocalc.com/wordpress/feed
http://www.crypto.com/blog/rss10.xml
http://spaf.wordpress.com/feed/
http://neopythonic.blogspot.com/feeds/posts/default

